// Jest Snapshot v1, https://goo.gl/fbAQLP

exports[`util - formatDate should fail gracefully when there is no date for some reason 1`] = `""`;
